OOS eval: algo=afg-f-l8 baseline=simple symbol=MESM6
Test dates (10): 20260326, 20260327, 20260329, 20260330, 20260331, 20260401, 20260402, 20260403, 20260405, 20260406
Output: /Users/jielin/Downloads/agentic-trading-system-binance-test/oos-results/afg-f-l8.json
NOTE: this does NOT modify any backtest-results.json.

>>> afg-f-l8 @ 20260326 ...
    OK   trades=19221 pnl=349.75
>>> simple @ 20260326 ...
    OK   trades=25382 pnl=317.00
>>> afg-f-l8 @ 20260327 ...
    OK   trades=17284 pnl=248.50
>>> simple @ 20260327 ...
    OK   trades=22901 pnl=187.25
>>> afg-f-l8 @ 20260329 ...
    OK   trades=1775 pnl=34.25
>>> simple @ 20260329 ...
    OK   trades=2334 pnl=16.00
>>> afg-f-l8 @ 20260330 ...
    OK   trades=19139 pnl=274.00
>>> simple @ 20260330 ...
    OK   trades=25387 pnl=146.50
>>> afg-f-l8 @ 20260331 ...
    OK   trades=19597 pnl=606.50
>>> simple @ 20260331 ...
    OK   trades=25979 pnl=388.50
>>> afg-f-l8 @ 20260401 ...
    OK   trades=17954 pnl=194.75
>>> simple @ 20260401 ...
    OK   trades=23644 pnl=39.50
>>> afg-f-l8 @ 20260402 ...
    OK   trades=18528 pnl=419.00
>>> simple @ 20260402 ...
    OK   trades=24461 pnl=333.75
>>> afg-f-l8 @ 20260403 ...
    OK   trades=4857 pnl=-70.75
>>> simple @ 20260403 ...
    OK   trades=6360 pnl=-90.75
>>> afg-f-l8 @ 20260405 ...
    OK   trades=1563 pnl=46.25
>>> simple @ 20260405 ...
    OK   trades=2042 pnl=69.00
>>> afg-f-l8 @ 20260406 ...
    OK   trades=17375 pnl=210.00
>>> simple @ 20260406 ...
    OK   trades=22948 pnl=127.75

Wrote: /Users/jielin/Downloads/agentic-trading-system-binance-test/oos-results/afg-f-l8.json
  realized_pnl        : 2312.25
  sharpe_ratio        : 18.3976
  win_rate            : 0.3603
  trade_count         : 137293
  vs_baseline_pnl_pct : 50.68
  dates used          : 10 of 10
