OOS eval: algo=afg-b-l8 baseline=simple symbol=MESM6
Test dates (10): 20260326, 20260327, 20260329, 20260330, 20260331, 20260401, 20260402, 20260403, 20260405, 20260406
Output: /Users/jielin/Downloads/agentic-trading-system-binance-test/oos-results/afg-b-l8.json
NOTE: this does NOT modify any backtest-results.json.

>>> afg-b-l8 @ 20260326 ...
    OK   trades=19394 pnl=344.25
>>> simple @ 20260326 ...
    OK   trades=25382 pnl=317.00
>>> afg-b-l8 @ 20260327 ...
    OK   trades=17461 pnl=238.25
>>> simple @ 20260327 ...
    OK   trades=22901 pnl=187.25
>>> afg-b-l8 @ 20260329 ...
    OK   trades=1777 pnl=36.25
>>> simple @ 20260329 ...
    OK   trades=2334 pnl=16.00
>>> afg-b-l8 @ 20260330 ...
    OK   trades=19315 pnl=279.25
>>> simple @ 20260330 ...
    OK   trades=25387 pnl=146.50
>>> afg-b-l8 @ 20260331 ...
    OK   trades=19781 pnl=567.25
>>> simple @ 20260331 ...
    OK   trades=25979 pnl=388.50
>>> afg-b-l8 @ 20260401 ...
    OK   trades=18058 pnl=201.75
>>> simple @ 20260401 ...
    OK   trades=23644 pnl=39.50
>>> afg-b-l8 @ 20260402 ...
    OK   trades=18640 pnl=387.00
>>> simple @ 20260402 ...
    OK   trades=24461 pnl=333.75
>>> afg-b-l8 @ 20260403 ...
    OK   trades=4926 pnl=-80.50
>>> simple @ 20260403 ...
    OK   trades=6360 pnl=-90.75
>>> afg-b-l8 @ 20260405 ...
    OK   trades=1562 pnl=39.00
>>> simple @ 20260405 ...
    OK   trades=2042 pnl=69.00
>>> afg-b-l8 @ 20260406 ...
    OK   trades=17441 pnl=209.00
>>> simple @ 20260406 ...
    OK   trades=22948 pnl=127.75

Wrote: /Users/jielin/Downloads/agentic-trading-system-binance-test/oos-results/afg-b-l8.json
  realized_pnl        : 2221.50
  sharpe_ratio        : 18.5582
  win_rate            : 0.3593
  trade_count         : 138355
  vs_baseline_pnl_pct : 44.77
  dates used          : 10 of 10
