OOS eval: algo=afg-m-l8 baseline=simple symbol=MESM6
Test dates (10): 20260326, 20260327, 20260329, 20260330, 20260331, 20260401, 20260402, 20260403, 20260405, 20260406
Output: /Users/jielin/Downloads/agentic-trading-system-binance-test/oos-results/afg-m-l8.json
NOTE: this does NOT modify any backtest-results.json.

>>> afg-m-l8 @ 20260326 ...
    OK   trades=19528 pnl=339.25
>>> simple @ 20260326 ...
    OK   trades=25382 pnl=317.00
>>> afg-m-l8 @ 20260327 ...
    OK   trades=17532 pnl=217.00
>>> simple @ 20260327 ...
    OK   trades=22901 pnl=187.25
>>> afg-m-l8 @ 20260329 ...
    OK   trades=1765 pnl=39.00
>>> simple @ 20260329 ...
    OK   trades=2334 pnl=16.00
>>> afg-m-l8 @ 20260330 ...
    OK   trades=19427 pnl=218.50
>>> simple @ 20260330 ...
    OK   trades=25387 pnl=146.50
>>> afg-m-l8 @ 20260331 ...
    OK   trades=19908 pnl=538.75
>>> simple @ 20260331 ...
    OK   trades=25979 pnl=388.50
>>> afg-m-l8 @ 20260401 ...
    OK   trades=18160 pnl=112.00
>>> simple @ 20260401 ...
    OK   trades=23644 pnl=39.50
>>> afg-m-l8 @ 20260402 ...
    OK   trades=18756 pnl=348.75
>>> simple @ 20260402 ...
    OK   trades=24461 pnl=333.75
>>> afg-m-l8 @ 20260403 ...
    OK   trades=4953 pnl=-132.25
>>> simple @ 20260403 ...
    OK   trades=6360 pnl=-90.75
>>> afg-m-l8 @ 20260405 ...
    OK   trades=1569 pnl=40.00
>>> simple @ 20260405 ...
    OK   trades=2042 pnl=69.00
>>> afg-m-l8 @ 20260406 ...
    OK   trades=17535 pnl=162.50
>>> simple @ 20260406 ...
    OK   trades=22948 pnl=127.75

Wrote: /Users/jielin/Downloads/agentic-trading-system-binance-test/oos-results/afg-m-l8.json
  realized_pnl        : 1883.50
  sharpe_ratio        : 15.6955
  win_rate            : 0.3561
  trade_count         : 139133
  vs_baseline_pnl_pct : 22.74
  dates used          : 10 of 10
