OOS eval: algo=afg-pc-r2 baseline=simple symbol=MESM6
Test dates (10): 20260326, 20260327, 20260329, 20260330, 20260331, 20260401, 20260402, 20260403, 20260405, 20260406
Output: /Users/jielin/Downloads/agentic-trading-system-binance-test/oos-results/afg-pc-r2.json
NOTE: this does NOT modify any backtest-results.json.

>>> afg-pc-r2 @ 20260326 ...
    OK   trades=16394 pnl=322.75
>>> simple @ 20260326 ...
    OK   trades=25382 pnl=317.00
>>> afg-pc-r2 @ 20260327 ...
    OK   trades=14837 pnl=62.00
>>> simple @ 20260327 ...
    OK   trades=22901 pnl=187.25
>>> afg-pc-r2 @ 20260329 ...
    OK   trades=1487 pnl=32.25
>>> simple @ 20260329 ...
    OK   trades=2334 pnl=16.00
>>> afg-pc-r2 @ 20260330 ...
    OK   trades=16463 pnl=157.25
>>> simple @ 20260330 ...
    OK   trades=25387 pnl=146.50
>>> afg-pc-r2 @ 20260331 ...
    OK   trades=16825 pnl=447.25
>>> simple @ 20260331 ...
    OK   trades=25979 pnl=388.50
>>> afg-pc-r2 @ 20260401 ...
    OK   trades=15477 pnl=68.00
>>> simple @ 20260401 ...
    OK   trades=23644 pnl=39.50
>>> afg-pc-r2 @ 20260402 ...
    OK   trades=15840 pnl=262.75
>>> simple @ 20260402 ...
    OK   trades=24461 pnl=333.75
>>> afg-pc-r2 @ 20260403 ...
    OK   trades=4472 pnl=-94.50
>>> simple @ 20260403 ...
    OK   trades=6360 pnl=-90.75
>>> afg-pc-r2 @ 20260405 ...
    OK   trades=1356 pnl=32.00
>>> simple @ 20260405 ...
    OK   trades=2042 pnl=69.00
>>> afg-pc-r2 @ 20260406 ...
    OK   trades=14956 pnl=111.75
>>> simple @ 20260406 ...
    OK   trades=22948 pnl=127.75

Wrote: /Users/jielin/Downloads/agentic-trading-system-binance-test/oos-results/afg-pc-r2.json
  realized_pnl        : 1401.50
  sharpe_ratio        : 13.8126
  win_rate            : 0.3527
  trade_count         : 118107
  vs_baseline_pnl_pct : -8.67
  dates used          : 10 of 10
