OOS eval: algo=aggressor-flow-gate baseline=simple symbol=MESM6
Test dates (10): 20260326, 20260327, 20260329, 20260330, 20260331, 20260401, 20260402, 20260403, 20260405, 20260406
Output: /Users/jielin/Downloads/agentic-trading-system-binance-test/oos-results/aggressor-flow-gate.json
NOTE: this does NOT modify any backtest-results.json.

>>> aggressor-flow-gate @ 20260326 ...
    OK   trades=19739 pnl=358.50
>>> simple @ 20260326 ...
    OK   trades=25382 pnl=317.00
>>> aggressor-flow-gate @ 20260327 ...
    OK   trades=17727 pnl=200.75
>>> simple @ 20260327 ...
    OK   trades=22901 pnl=187.25
>>> aggressor-flow-gate @ 20260329 ...
    OK   trades=1779 pnl=41.25
>>> simple @ 20260329 ...
    OK   trades=2334 pnl=16.00
>>> aggressor-flow-gate @ 20260330 ...
    OK   trades=19639 pnl=263.25
>>> simple @ 20260330 ...
    OK   trades=25387 pnl=146.50
>>> aggressor-flow-gate @ 20260331 ...
    OK   trades=20091 pnl=558.00
>>> simple @ 20260331 ...
    OK   trades=25979 pnl=388.50
>>> aggressor-flow-gate @ 20260401 ...
    OK   trades=18358 pnl=156.25
>>> simple @ 20260401 ...
    OK   trades=23644 pnl=39.50
>>> aggressor-flow-gate @ 20260402 ...
    OK   trades=18916 pnl=393.25
>>> simple @ 20260402 ...
    OK   trades=24461 pnl=333.75
>>> aggressor-flow-gate @ 20260403 ...
    OK   trades=5112 pnl=-97.50
>>> simple @ 20260403 ...
    OK   trades=6360 pnl=-90.75
>>> aggressor-flow-gate @ 20260405 ...
    OK   trades=1605 pnl=34.00
>>> simple @ 20260405 ...
    OK   trades=2042 pnl=69.00
>>> aggressor-flow-gate @ 20260406 ...
    OK   trades=17723 pnl=164.00
>>> simple @ 20260406 ...
    OK   trades=22948 pnl=127.75

Wrote: /Users/jielin/Downloads/agentic-trading-system-binance-test/oos-results/aggressor-flow-gate.json
  realized_pnl        : 2071.75
  sharpe_ratio        : 16.9559
  win_rate            : 0.3574
  trade_count         : 140689
  vs_baseline_pnl_pct : 35.01
  dates used          : 10 of 10
