
======================================================
  Starting OOS for: vol-regime-sizer  (Tue May 26 14:38:36 CST 2026)
======================================================
OOS eval: algo=vol-regime-sizer baseline=simple symbol=MESM6
Test dates (10): 20260326, 20260327, 20260329, 20260330, 20260331, 20260401, 20260402, 20260403, 20260405, 20260406
Output: /Users/jielin/Downloads/agentic-trading-system-binance-test/oos-results/vol-regime-sizer.json
NOTE: this does NOT modify any backtest-results.json.

>>> vol-regime-sizer @ 20260326 ...
    OK   trades=23785 pnl=385.00
>>> simple @ 20260326 ...
    OK   trades=25382 pnl=317.00
>>> vol-regime-sizer @ 20260327 ...
    OK   trades=21415 pnl=258.50
>>> simple @ 20260327 ...
    OK   trades=22901 pnl=187.25
>>> vol-regime-sizer @ 20260329 ...
    OK   trades=2170 pnl=12.25
>>> simple @ 20260329 ...
    OK   trades=2334 pnl=16.00
>>> vol-regime-sizer @ 20260330 ...
    OK   trades=23645 pnl=240.25
>>> simple @ 20260330 ...
    OK   trades=25387 pnl=146.50
>>> vol-regime-sizer @ 20260331 ...
    OK   trades=24138 pnl=484.00
>>> simple @ 20260331 ...
    OK   trades=25979 pnl=388.50
>>> vol-regime-sizer @ 20260401 ...
    OK   trades=21875 pnl=113.50
>>> simple @ 20260401 ...
    OK   trades=23644 pnl=39.50
>>> vol-regime-sizer @ 20260402 ...
    OK   trades=22655 pnl=408.50
>>> simple @ 20260402 ...
    OK   trades=24461 pnl=333.75
>>> vol-regime-sizer @ 20260403 ...
    OK   trades=5772 pnl=-71.25
>>> simple @ 20260403 ...
    OK   trades=6360 pnl=-90.75
>>> vol-regime-sizer @ 20260405 ...
    OK   trades=1894 pnl=64.00
>>> simple @ 20260405 ...
    OK   trades=2042 pnl=69.00
>>> vol-regime-sizer @ 20260406 ...
    OK   trades=21372 pnl=157.75
>>> simple @ 20260406 ...
    OK   trades=22948 pnl=127.75

Wrote: /Users/jielin/Downloads/agentic-trading-system-binance-test/oos-results/vol-regime-sizer.json
  realized_pnl        : 2052.50
  sharpe_ratio        : 17.8548
  win_rate            : 0.3586
  trade_count         : 168721
  vs_baseline_pnl_pct : 33.76
  dates used          : 10 of 10
  Done: vol-regime-sizer  (Tue May 26 15:44:16 CST 2026)

======================================================
  Starting OOS for: aggressor-flow-gate  (Tue May 26 15:44:16 CST 2026)
======================================================
OOS eval: algo=aggressor-flow-gate baseline=simple symbol=MESM6
Test dates (10): 20260326, 20260327, 20260329, 20260330, 20260331, 20260401, 20260402, 20260403, 20260405, 20260406
Output: /Users/jielin/Downloads/agentic-trading-system-binance-test/oos-results/aggressor-flow-gate.json
NOTE: this does NOT modify any backtest-results.json.

>>> aggressor-flow-gate @ 20260326 ...
    OK   trades=19739 pnl=358.50
>>> simple @ 20260326 ...
    OK   trades=25382 pnl=317.00
>>> aggressor-flow-gate @ 20260327 ...
    OK   trades=17727 pnl=200.75
>>> simple @ 20260327 ...
    OK   trades=22901 pnl=187.25
>>> aggressor-flow-gate @ 20260329 ...
    OK   trades=1779 pnl=41.25
>>> simple @ 20260329 ...
    OK   trades=2334 pnl=16.00
>>> aggressor-flow-gate @ 20260330 ...
    OK   trades=19639 pnl=263.25
>>> simple @ 20260330 ...
    OK   trades=25387 pnl=146.50
>>> aggressor-flow-gate @ 20260331 ...
    OK   trades=20091 pnl=558.00
>>> simple @ 20260331 ...
    OK   trades=25979 pnl=388.50
>>> aggressor-flow-gate @ 20260401 ...
    OK   trades=18358 pnl=156.25
>>> simple @ 20260401 ...
    OK   trades=23644 pnl=39.50
>>> aggressor-flow-gate @ 20260402 ...
    OK   trades=18916 pnl=393.25
>>> simple @ 20260402 ...
    OK   trades=24461 pnl=333.75
>>> aggressor-flow-gate @ 20260403 ...
    OK   trades=5112 pnl=-97.50
>>> simple @ 20260403 ...
    OK   trades=6360 pnl=-90.75
>>> aggressor-flow-gate @ 20260405 ...
    OK   trades=1605 pnl=34.00
>>> simple @ 20260405 ...
    OK   trades=2042 pnl=69.00
>>> aggressor-flow-gate @ 20260406 ...
    OK   trades=17723 pnl=164.00
>>> simple @ 20260406 ...
    OK   trades=22948 pnl=127.75

Wrote: /Users/jielin/Downloads/agentic-trading-system-binance-test/oos-results/aggressor-flow-gate.json
  realized_pnl        : 2071.75
  sharpe_ratio        : 16.9559
  win_rate            : 0.3574
  trade_count         : 140689
  vs_baseline_pnl_pct : 35.01
  dates used          : 10 of 10
  Done: aggressor-flow-gate  (Tue May 26 16:40:41 CST 2026)

======================================================
  Starting OOS for: position-tier-gate  (Tue May 26 16:40:41 CST 2026)
======================================================
OOS eval: algo=position-tier-gate baseline=simple symbol=MESM6
Test dates (10): 20260326, 20260327, 20260329, 20260330, 20260331, 20260401, 20260402, 20260403, 20260405, 20260406
Output: /Users/jielin/Downloads/agentic-trading-system-binance-test/oos-results/position-tier-gate.json
NOTE: this does NOT modify any backtest-results.json.

>>> position-tier-gate @ 20260326 ...
    OK   trades=16834 pnl=614.75
>>> simple @ 20260326 ...
    OK   trades=25382 pnl=317.00
>>> position-tier-gate @ 20260327 ...
    OK   trades=15153 pnl=522.00
>>> simple @ 20260327 ...
    OK   trades=22901 pnl=187.25
>>> position-tier-gate @ 20260329 ...
    OK   trades=1542 pnl=59.50
>>> simple @ 20260329 ...
    OK   trades=2334 pnl=16.00
>>> position-tier-gate @ 20260330 ...
    OK   trades=16774 pnl=610.50
>>> simple @ 20260330 ...
    OK   trades=25387 pnl=146.50
>>> position-tier-gate @ 20260331 ...
    OK   trades=17129 pnl=985.50
>>> simple @ 20260331 ...
    OK   trades=25979 pnl=388.50
>>> position-tier-gate @ 20260401 ...
    OK   trades=15637 pnl=424.25
>>> simple @ 20260401 ...
    OK   trades=23644 pnl=39.50
>>> position-tier-gate @ 20260402 ...
    OK   trades=16193 pnl=710.75
>>> simple @ 20260402 ...
    OK   trades=24461 pnl=333.75
>>> position-tier-gate @ 20260403 ...
    OK   trades=4258 pnl=1.75
>>> simple @ 20260403 ...
    OK   trades=6360 pnl=-90.75
>>> position-tier-gate @ 20260405 ...
    OK   trades=1353 pnl=76.50
>>> simple @ 20260405 ...
    OK   trades=2042 pnl=69.00
>>> position-tier-gate @ 20260406 ...
    OK   trades=15170 pnl=426.00
>>> simple @ 20260406 ...
    OK   trades=22948 pnl=127.75

Wrote: /Users/jielin/Downloads/agentic-trading-system-binance-test/oos-results/position-tier-gate.json
  realized_pnl        : 4431.50
  sharpe_ratio        : 22.1657
  win_rate            : 0.3737
  trade_count         : 120043
  vs_baseline_pnl_pct : 188.79
  dates used          : 10 of 10
  Done: position-tier-gate  (Tue May 26 17:31:21 CST 2026)

ALL BASE STRATEGIES DONE.
