
======================================================
  Starting OOS for: afg-b-l8  (Wed May 27 03:15:01 CST 2026)
======================================================
OOS eval: algo=afg-b-l8 baseline=simple symbol=MESM6
Test dates (10): 20260326, 20260327, 20260329, 20260330, 20260331, 20260401, 20260402, 20260403, 20260405, 20260406
Output: /Users/jielin/Downloads/agentic-trading-system-binance-test/oos-results/afg-b-l8.json
NOTE: this does NOT modify any backtest-results.json.

>>> afg-b-l8 @ 20260326 ...
    OK   trades=19394 pnl=344.25
>>> simple @ 20260326 ...
    OK   trades=25382 pnl=317.00
>>> afg-b-l8 @ 20260327 ...
    OK   trades=17461 pnl=238.25
>>> simple @ 20260327 ...
    OK   trades=22901 pnl=187.25
>>> afg-b-l8 @ 20260329 ...
    OK   trades=1777 pnl=36.25
>>> simple @ 20260329 ...
    OK   trades=2334 pnl=16.00
>>> afg-b-l8 @ 20260330 ...
    OK   trades=19315 pnl=279.25
>>> simple @ 20260330 ...
    OK   trades=25387 pnl=146.50
>>> afg-b-l8 @ 20260331 ...
    OK   trades=19781 pnl=567.25
>>> simple @ 20260331 ...
    OK   trades=25979 pnl=388.50
>>> afg-b-l8 @ 20260401 ...
    OK   trades=18058 pnl=201.75
>>> simple @ 20260401 ...
    OK   trades=23644 pnl=39.50
>>> afg-b-l8 @ 20260402 ...
    OK   trades=18640 pnl=387.00
>>> simple @ 20260402 ...
    OK   trades=24461 pnl=333.75
>>> afg-b-l8 @ 20260403 ...
    OK   trades=4926 pnl=-80.50
>>> simple @ 20260403 ...
    OK   trades=6360 pnl=-90.75
>>> afg-b-l8 @ 20260405 ...
    OK   trades=1562 pnl=39.00
>>> simple @ 20260405 ...
    OK   trades=2042 pnl=69.00
>>> afg-b-l8 @ 20260406 ...
    OK   trades=17441 pnl=209.00
>>> simple @ 20260406 ...
    OK   trades=22948 pnl=127.75

Wrote: /Users/jielin/Downloads/agentic-trading-system-binance-test/oos-results/afg-b-l8.json
  realized_pnl        : 2221.50
  sharpe_ratio        : 18.5582
  win_rate            : 0.3593
  trade_count         : 138355
  vs_baseline_pnl_pct : 44.77
  dates used          : 10 of 10
  Done: afg-b-l8  (Wed May 27 04:11:36 CST 2026)

======================================================
  Starting OOS for: afg-f-l8  (Wed May 27 04:11:36 CST 2026)
======================================================
OOS eval: algo=afg-f-l8 baseline=simple symbol=MESM6
Test dates (10): 20260326, 20260327, 20260329, 20260330, 20260331, 20260401, 20260402, 20260403, 20260405, 20260406
Output: /Users/jielin/Downloads/agentic-trading-system-binance-test/oos-results/afg-f-l8.json
NOTE: this does NOT modify any backtest-results.json.

>>> afg-f-l8 @ 20260326 ...
    OK   trades=19221 pnl=349.75
>>> simple @ 20260326 ...
    OK   trades=25382 pnl=317.00
>>> afg-f-l8 @ 20260327 ...
    OK   trades=17284 pnl=248.50
>>> simple @ 20260327 ...
    OK   trades=22901 pnl=187.25
>>> afg-f-l8 @ 20260329 ...
    OK   trades=1775 pnl=34.25
>>> simple @ 20260329 ...
    OK   trades=2334 pnl=16.00
>>> afg-f-l8 @ 20260330 ...
    OK   trades=19139 pnl=274.00
>>> simple @ 20260330 ...
    OK   trades=25387 pnl=146.50
>>> afg-f-l8 @ 20260331 ...
    OK   trades=19597 pnl=606.50
>>> simple @ 20260331 ...
    OK   trades=25979 pnl=388.50
>>> afg-f-l8 @ 20260401 ...
    OK   trades=17954 pnl=194.75
>>> simple @ 20260401 ...
    OK   trades=23644 pnl=39.50
>>> afg-f-l8 @ 20260402 ...
    OK   trades=18528 pnl=419.00
>>> simple @ 20260402 ...
    OK   trades=24461 pnl=333.75
>>> afg-f-l8 @ 20260403 ...
    OK   trades=4857 pnl=-70.75
>>> simple @ 20260403 ...
    OK   trades=6360 pnl=-90.75
>>> afg-f-l8 @ 20260405 ...
    OK   trades=1563 pnl=46.25
>>> simple @ 20260405 ...
    OK   trades=2042 pnl=69.00
>>> afg-f-l8 @ 20260406 ...
    OK   trades=17375 pnl=210.00
>>> simple @ 20260406 ...
    OK   trades=22948 pnl=127.75

Wrote: /Users/jielin/Downloads/agentic-trading-system-binance-test/oos-results/afg-f-l8.json
  realized_pnl        : 2312.25
  sharpe_ratio        : 18.3976
  win_rate            : 0.3603
  trade_count         : 137293
  vs_baseline_pnl_pct : 50.68
  dates used          : 10 of 10
  Done: afg-f-l8  (Wed May 27 05:07:30 CST 2026)

======================================================
  Starting OOS for: afg-m-l8  (Wed May 27 05:07:30 CST 2026)
======================================================
OOS eval: algo=afg-m-l8 baseline=simple symbol=MESM6
Test dates (10): 20260326, 20260327, 20260329, 20260330, 20260331, 20260401, 20260402, 20260403, 20260405, 20260406
Output: /Users/jielin/Downloads/agentic-trading-system-binance-test/oos-results/afg-m-l8.json
NOTE: this does NOT modify any backtest-results.json.

>>> afg-m-l8 @ 20260326 ...
    OK   trades=19528 pnl=339.25
>>> simple @ 20260326 ...
    OK   trades=25382 pnl=317.00
>>> afg-m-l8 @ 20260327 ...
    OK   trades=17532 pnl=217.00
>>> simple @ 20260327 ...
    OK   trades=22901 pnl=187.25
>>> afg-m-l8 @ 20260329 ...
    OK   trades=1765 pnl=39.00
>>> simple @ 20260329 ...
    OK   trades=2334 pnl=16.00
>>> afg-m-l8 @ 20260330 ...
    OK   trades=19427 pnl=218.50
>>> simple @ 20260330 ...
    OK   trades=25387 pnl=146.50
>>> afg-m-l8 @ 20260331 ...
    OK   trades=19908 pnl=538.75
>>> simple @ 20260331 ...
    OK   trades=25979 pnl=388.50
>>> afg-m-l8 @ 20260401 ...
    OK   trades=18160 pnl=112.00
>>> simple @ 20260401 ...
    OK   trades=23644 pnl=39.50
>>> afg-m-l8 @ 20260402 ...
    OK   trades=18756 pnl=348.75
>>> simple @ 20260402 ...
    OK   trades=24461 pnl=333.75
>>> afg-m-l8 @ 20260403 ...
    OK   trades=4953 pnl=-132.25
>>> simple @ 20260403 ...
    OK   trades=6360 pnl=-90.75
>>> afg-m-l8 @ 20260405 ...
    OK   trades=1569 pnl=40.00
>>> simple @ 20260405 ...
    OK   trades=2042 pnl=69.00
>>> afg-m-l8 @ 20260406 ...
    OK   trades=17535 pnl=162.50
>>> simple @ 20260406 ...
    OK   trades=22948 pnl=127.75

Wrote: /Users/jielin/Downloads/agentic-trading-system-binance-test/oos-results/afg-m-l8.json
  realized_pnl        : 1883.50
  sharpe_ratio        : 15.6955
  win_rate            : 0.3561
  trade_count         : 139133
  vs_baseline_pnl_pct : 22.74
  dates used          : 10 of 10
  Done: afg-m-l8  (Wed May 27 06:03:30 CST 2026)

======================================================
  Starting OOS for: ptg-b-l7  (Wed May 27 06:03:30 CST 2026)
======================================================
OOS eval: algo=ptg-b-l7 baseline=simple symbol=MESM6
Test dates (10): 20260326, 20260327, 20260329, 20260330, 20260331, 20260401, 20260402, 20260403, 20260405, 20260406
Output: /Users/jielin/Downloads/agentic-trading-system-binance-test/oos-results/ptg-b-l7.json
NOTE: this does NOT modify any backtest-results.json.

>>> ptg-b-l7 @ 20260326 ...
    OK   trades=16842 pnl=613.00
>>> simple @ 20260326 ...
    OK   trades=25382 pnl=317.00
>>> ptg-b-l7 @ 20260327 ...
    OK   trades=15158 pnl=519.75
>>> simple @ 20260327 ...
    OK   trades=22901 pnl=187.25
>>> ptg-b-l7 @ 20260329 ...
    OK   trades=1544 pnl=59.00
>>> simple @ 20260329 ...
    OK   trades=2334 pnl=16.00
>>> ptg-b-l7 @ 20260330 ...
    OK   trades=16784 pnl=608.25
>>> simple @ 20260330 ...
    OK   trades=25387 pnl=146.50
>>> ptg-b-l7 @ 20260331 ...
    OK   trades=17141 pnl=978.75
>>> simple @ 20260331 ...
    OK   trades=25979 pnl=388.50
>>> ptg-b-l7 @ 20260401 ...
    OK   trades=15641 pnl=423.00
>>> simple @ 20260401 ...
    OK   trades=23644 pnl=39.50
>>> ptg-b-l7 @ 20260402 ...
    OK   trades=16205 pnl=703.50
>>> simple @ 20260402 ...
    OK   trades=24461 pnl=333.75
>>> ptg-b-l7 @ 20260403 ...
    OK   trades=4260 pnl=1.75
>>> simple @ 20260403 ...
    OK   trades=6360 pnl=-90.75
>>> ptg-b-l7 @ 20260405 ...
    OK   trades=1353 pnl=76.50
>>> simple @ 20260405 ...
    OK   trades=2042 pnl=69.00
>>> ptg-b-l7 @ 20260406 ...
    OK   trades=15173 pnl=425.00
>>> simple @ 20260406 ...
    OK   trades=22948 pnl=127.75

Wrote: /Users/jielin/Downloads/agentic-trading-system-binance-test/oos-results/ptg-b-l7.json
  realized_pnl        : 4408.50
  sharpe_ratio        : 22.2028
  win_rate            : 0.3735
  trade_count         : 120101
  vs_baseline_pnl_pct : 187.29
  dates used          : 10 of 10
  Done: ptg-b-l7  (Wed May 27 06:56:13 CST 2026)

======================================================
  Starting OOS for: ptg-f-l2  (Wed May 27 06:56:13 CST 2026)
======================================================
OOS eval: algo=ptg-f-l2 baseline=simple symbol=MESM6
Test dates (10): 20260326, 20260327, 20260329, 20260330, 20260331, 20260401, 20260402, 20260403, 20260405, 20260406
Output: /Users/jielin/Downloads/agentic-trading-system-binance-test/oos-results/ptg-f-l2.json
NOTE: this does NOT modify any backtest-results.json.

>>> ptg-f-l2 @ 20260326 ...
    OK   trades=16834 pnl=614.75
>>> simple @ 20260326 ...
    OK   trades=25382 pnl=317.00
>>> ptg-f-l2 @ 20260327 ...
    OK   trades=15153 pnl=522.00
>>> simple @ 20260327 ...
    OK   trades=22901 pnl=187.25
>>> ptg-f-l2 @ 20260329 ...
    OK   trades=1542 pnl=59.50
>>> simple @ 20260329 ...
    OK   trades=2334 pnl=16.00
>>> ptg-f-l2 @ 20260330 ...
    OK   trades=16774 pnl=610.50
>>> simple @ 20260330 ...
    OK   trades=25387 pnl=146.50
>>> ptg-f-l2 @ 20260331 ...
    OK   trades=17129 pnl=985.50
>>> simple @ 20260331 ...
    OK   trades=25979 pnl=388.50
>>> ptg-f-l2 @ 20260401 ...
    OK   trades=15637 pnl=424.25
>>> simple @ 20260401 ...
    OK   trades=23644 pnl=39.50
>>> ptg-f-l2 @ 20260402 ...
    OK   trades=16193 pnl=710.75
>>> simple @ 20260402 ...
    OK   trades=24461 pnl=333.75
>>> ptg-f-l2 @ 20260403 ...
    OK   trades=4258 pnl=1.75
>>> simple @ 20260403 ...
    OK   trades=6360 pnl=-90.75
>>> ptg-f-l2 @ 20260405 ...
    OK   trades=1353 pnl=76.50
>>> simple @ 20260405 ...
    OK   trades=2042 pnl=69.00
>>> ptg-f-l2 @ 20260406 ...
    OK   trades=15170 pnl=426.00
>>> simple @ 20260406 ...
    OK   trades=22948 pnl=127.75

Wrote: /Users/jielin/Downloads/agentic-trading-system-binance-test/oos-results/ptg-f-l2.json
  realized_pnl        : 4431.50
  sharpe_ratio        : 22.1657
  win_rate            : 0.3737
  trade_count         : 120043
  vs_baseline_pnl_pct : 188.79
  dates used          : 10 of 10
  Done: ptg-f-l2  (Wed May 27 07:47:31 CST 2026)

======================================================
  Starting OOS for: ptg-m-l1  (Wed May 27 07:47:31 CST 2026)
======================================================
OOS eval: algo=ptg-m-l1 baseline=simple symbol=MESM6
Test dates (10): 20260326, 20260327, 20260329, 20260330, 20260331, 20260401, 20260402, 20260403, 20260405, 20260406
Output: /Users/jielin/Downloads/agentic-trading-system-binance-test/oos-results/ptg-m-l1.json
NOTE: this does NOT modify any backtest-results.json.

>>> ptg-m-l1 @ 20260326 ...
    OK   trades=16834 pnl=614.75
>>> simple @ 20260326 ...
    OK   trades=25382 pnl=317.00
>>> ptg-m-l1 @ 20260327 ...
    OK   trades=15153 pnl=522.00
>>> simple @ 20260327 ...
    OK   trades=22901 pnl=187.25
>>> ptg-m-l1 @ 20260329 ...
    OK   trades=1542 pnl=59.50
>>> simple @ 20260329 ...
    OK   trades=2334 pnl=16.00
>>> ptg-m-l1 @ 20260330 ...
    OK   trades=16774 pnl=610.50
>>> simple @ 20260330 ...
    OK   trades=25387 pnl=146.50
>>> ptg-m-l1 @ 20260331 ...
    OK   trades=17129 pnl=985.50
>>> simple @ 20260331 ...
    OK   trades=25979 pnl=388.50
>>> ptg-m-l1 @ 20260401 ...
    OK   trades=15637 pnl=424.25
>>> simple @ 20260401 ...
    OK   trades=23644 pnl=39.50
>>> ptg-m-l1 @ 20260402 ...
    OK   trades=16193 pnl=710.75
>>> simple @ 20260402 ...
    OK   trades=24461 pnl=333.75
>>> ptg-m-l1 @ 20260403 ...
    OK   trades=4258 pnl=1.75
>>> simple @ 20260403 ...
    OK   trades=6360 pnl=-90.75
>>> ptg-m-l1 @ 20260405 ...
    OK   trades=1353 pnl=76.50
>>> simple @ 20260405 ...
    OK   trades=2042 pnl=69.00
>>> ptg-m-l1 @ 20260406 ...
    OK   trades=15170 pnl=426.00
>>> simple @ 20260406 ...
    OK   trades=22948 pnl=127.75

Wrote: /Users/jielin/Downloads/agentic-trading-system-binance-test/oos-results/ptg-m-l1.json
  realized_pnl        : 4431.50
  sharpe_ratio        : 22.1657
  win_rate            : 0.3737
  trade_count         : 120043
  vs_baseline_pnl_pct : 188.79
  dates used          : 10 of 10
  Done: ptg-m-l1  (Wed May 27 08:39:31 CST 2026)

======================================================
  Starting OOS for: vrs-f-l6  (Wed May 27 08:39:31 CST 2026)
======================================================
OOS eval: algo=vrs-f-l6 baseline=simple symbol=MESM6
Test dates (10): 20260326, 20260327, 20260329, 20260330, 20260331, 20260401, 20260402, 20260403, 20260405, 20260406
Output: /Users/jielin/Downloads/agentic-trading-system-binance-test/oos-results/vrs-f-l6.json
NOTE: this does NOT modify any backtest-results.json.

>>> vrs-f-l6 @ 20260326 ...
    OK   trades=22876 pnl=415.00
>>> simple @ 20260326 ...
    OK   trades=25382 pnl=317.00
>>> vrs-f-l6 @ 20260327 ...
    OK   trades=20518 pnl=280.50
>>> simple @ 20260327 ...
    OK   trades=22901 pnl=187.25
>>> vrs-f-l6 @ 20260329 ...
    OK   trades=2016 pnl=24.00
>>> simple @ 20260329 ...
    OK   trades=2334 pnl=16.00
>>> vrs-f-l6 @ 20260330 ...
    OK   trades=22617 pnl=303.25
>>> simple @ 20260330 ...
    OK   trades=25387 pnl=146.50
>>> vrs-f-l6 @ 20260331 ...
    OK   trades=22912 pnl=514.75
>>> simple @ 20260331 ...
    OK   trades=25979 pnl=388.50
>>> vrs-f-l6 @ 20260401 ...
    OK   trades=20898 pnl=155.75
>>> simple @ 20260401 ...
    OK   trades=23644 pnl=39.50
>>> vrs-f-l6 @ 20260402 ...
    OK   trades=21465 pnl=431.25
>>> simple @ 20260402 ...
    OK   trades=24461 pnl=333.75
>>> vrs-f-l6 @ 20260403 ...
    OK   trades=5387 pnl=-61.50
>>> simple @ 20260403 ...
    OK   trades=6360 pnl=-90.75
>>> vrs-f-l6 @ 20260405 ...
    OK   trades=1774 pnl=68.75
>>> simple @ 20260405 ...
    OK   trades=2042 pnl=69.00
>>> vrs-f-l6 @ 20260406 ...
    OK   trades=20363 pnl=214.00
>>> simple @ 20260406 ...
    OK   trades=22948 pnl=127.75

Wrote: /Users/jielin/Downloads/agentic-trading-system-binance-test/oos-results/vrs-f-l6.json
  realized_pnl        : 2345.75
  sharpe_ratio        : 19.6656
  win_rate            : 0.3590
  trade_count         : 160826
  vs_baseline_pnl_pct : 52.87
  dates used          : 10 of 10
  Done: vrs-f-l6  (Wed May 27 09:42:59 CST 2026)

======================================================
  Starting OOS for: vrs-m-l5  (Wed May 27 09:42:59 CST 2026)
======================================================
OOS eval: algo=vrs-m-l5 baseline=simple symbol=MESM6
Test dates (10): 20260326, 20260327, 20260329, 20260330, 20260331, 20260401, 20260402, 20260403, 20260405, 20260406
Output: /Users/jielin/Downloads/agentic-trading-system-binance-test/oos-results/vrs-m-l5.json
NOTE: this does NOT modify any backtest-results.json.

>>> vrs-m-l5 @ 20260326 ...
    OK   trades=22824 pnl=433.25
>>> simple @ 20260326 ...
    OK   trades=25382 pnl=317.00
>>> vrs-m-l5 @ 20260327 ...
    OK   trades=20488 pnl=279.00
>>> simple @ 20260327 ...
    OK   trades=22901 pnl=187.25
>>> vrs-m-l5 @ 20260329 ...
    OK   trades=2010 pnl=38.50
>>> simple @ 20260329 ...
    OK   trades=2334 pnl=16.00
>>> vrs-m-l5 @ 20260330 ...
    OK   trades=22611 pnl=290.25
>>> simple @ 20260330 ...
    OK   trades=25387 pnl=146.50
>>> vrs-m-l5 @ 20260331 ...
    OK   trades=22869 pnl=551.75
>>> simple @ 20260331 ...
    OK   trades=25979 pnl=388.50
>>> vrs-m-l5 @ 20260401 ...
    OK   trades=20808 pnl=133.50
>>> simple @ 20260401 ...
    OK   trades=23644 pnl=39.50
>>> vrs-m-l5 @ 20260402 ...
    OK   trades=21481 pnl=430.50
>>> simple @ 20260402 ...
    OK   trades=24461 pnl=333.75
>>> vrs-m-l5 @ 20260403 ...
    OK   trades=5412 pnl=-47.75
>>> simple @ 20260403 ...
    OK   trades=6360 pnl=-90.75
>>> vrs-m-l5 @ 20260405 ...
    OK   trades=1785 pnl=56.25
>>> simple @ 20260405 ...
    OK   trades=2042 pnl=69.00
>>> vrs-m-l5 @ 20260406 ...
    OK   trades=20392 pnl=205.75
>>> simple @ 20260406 ...
    OK   trades=22948 pnl=127.75

Wrote: /Users/jielin/Downloads/agentic-trading-system-binance-test/oos-results/vrs-m-l5.json
  realized_pnl        : 2371.00
  sharpe_ratio        : 19.2388
  win_rate            : 0.3596
  trade_count         : 160680
  vs_baseline_pnl_pct : 54.51
  dates used          : 10 of 10
  Done: vrs-m-l5  (Wed May 27 10:49:04 CST 2026)

ALL CONTEXT ALGOS DONE.
