
  Starting OOS for: afg-isl-g3l2  (Wed May 27 11:15:54 CST 2026)
Downloading botocore (14.4MiB)
Downloading awscli (4.4MiB)
 Downloaded botocore
 Downloaded awscli
Uninstalled 4 packages in 1.30s
Installed 4 packages in 167ms
OOS eval: algo=afg-isl-g3l2 baseline=simple symbol=MESM6
Test dates (10): 20260326, 20260327, 20260329, 20260330, 20260331, 20260401, 20260402, 20260403, 20260405, 20260406
Output: /Users/jielin/Downloads/agentic-trading-system-binance-test/oos-results/afg-isl-g3l2.json
NOTE: this does NOT modify any backtest-results.json.

>>> afg-isl-g3l2 @ 20260326 ...
    OK   trades=18055 pnl=588.25
>>> simple @ 20260326 ...
    OK   trades=25382 pnl=317.00
>>> afg-isl-g3l2 @ 20260327 ...
    OK   trades=16145 pnl=448.00
>>> simple @ 20260327 ...
    OK   trades=22901 pnl=187.25
>>> afg-isl-g3l2 @ 20260329 ...
    OK   trades=1620 pnl=64.25
>>> simple @ 20260329 ...
    OK   trades=2334 pnl=16.00
>>> afg-isl-g3l2 @ 20260330 ...
    OK   trades=17942 pnl=530.75
>>> simple @ 20260330 ...
    OK   trades=25387 pnl=146.50
>>> afg-isl-g3l2 @ 20260331 ...
    OK   trades=18094 pnl=964.75
>>> simple @ 20260331 ...
    OK   trades=25979 pnl=388.50
>>> afg-isl-g3l2 @ 20260401 ...
    OK   trades=16638 pnl=412.75
>>> simple @ 20260401 ...
    OK   trades=23644 pnl=39.50
>>> afg-isl-g3l2 @ 20260402 ...
    OK   trades=17134 pnl=667.25
>>> simple @ 20260402 ...
    OK   trades=24461 pnl=333.75
>>> afg-isl-g3l2 @ 20260403 ...
    OK   trades=4492 pnl=0.50
>>> simple @ 20260403 ...
    OK   trades=6360 pnl=-90.75
>>> afg-isl-g3l2 @ 20260405 ...
    OK   trades=1417 pnl=63.50
>>> simple @ 20260405 ...
    OK   trades=2042 pnl=69.00
>>> afg-isl-g3l2 @ 20260406 ...
    OK   trades=16233 pnl=400.75
>>> simple @ 20260406 ...
    OK   trades=22948 pnl=127.75

Wrote: /Users/jielin/Downloads/agentic-trading-system-binance-test/oos-results/afg-isl-g3l2.json
  realized_pnl        : 4140.75
  sharpe_ratio        : 21.6590
  win_rate            : 0.3712
  trade_count         : 127770
  vs_baseline_pnl_pct : 169.84
  dates used          : 10 of 10
  Done: afg-isl-g3l2  (Wed May 27 12:27:11 CST 2026)

  Starting OOS for: ptg-isl-g4l1  (Wed May 27 12:27:11 CST 2026)
OOS eval: algo=ptg-isl-g4l1 baseline=simple symbol=MESM6
Test dates (10): 20260326, 20260327, 20260329, 20260330, 20260331, 20260401, 20260402, 20260403, 20260405, 20260406
Output: /Users/jielin/Downloads/agentic-trading-system-binance-test/oos-results/ptg-isl-g4l1.json
NOTE: this does NOT modify any backtest-results.json.

>>> ptg-isl-g4l1 @ 20260326 ...
    OK   trades=16120 pnl=738.00
>>> simple @ 20260326 ...
    OK   trades=25382 pnl=317.00
>>> ptg-isl-g4l1 @ 20260327 ...
    OK   trades=14436 pnl=669.75
>>> simple @ 20260327 ...
    OK   trades=22901 pnl=187.25
>>> ptg-isl-g4l1 @ 20260329 ...
    OK   trades=1435 pnl=65.00
>>> simple @ 20260329 ...
    OK   trades=2334 pnl=16.00
>>> ptg-isl-g4l1 @ 20260330 ...
    OK   trades=16018 pnl=774.25
>>> simple @ 20260330 ...
    OK   trades=25387 pnl=146.50
>>> ptg-isl-g4l1 @ 20260331 ...
    OK   trades=16134 pnl=1159.75
>>> simple @ 20260331 ...
    OK   trades=25979 pnl=388.50
>>> ptg-isl-g4l1 @ 20260401 ...
    OK   trades=14850 pnl=550.75
>>> simple @ 20260401 ...
    OK   trades=23644 pnl=39.50
>>> ptg-isl-g4l1 @ 20260402 ...
    OK   trades=15211 pnl=899.00
>>> simple @ 20260402 ...
    OK   trades=24461 pnl=333.75
>>> ptg-isl-g4l1 @ 20260403 ...
    OK   trades=3891 pnl=57.25
>>> simple @ 20260403 ...
    OK   trades=6360 pnl=-90.75
>>> ptg-isl-g4l1 @ 20260405 ...
    OK   trades=1233 pnl=75.50
>>> simple @ 20260405 ...
    OK   trades=2042 pnl=69.00
>>> ptg-isl-g4l1 @ 20260406 ...
    OK   trades=14468 pnl=527.50
>>> simple @ 20260406 ...
    OK   trades=22948 pnl=127.75

Wrote: /Users/jielin/Downloads/agentic-trading-system-binance-test/oos-results/ptg-isl-g4l1.json
  realized_pnl        : 5516.75
  sharpe_ratio        : 23.0673
  win_rate            : 0.3806
  trade_count         : 113796
  vs_baseline_pnl_pct : 259.51
  dates used          : 10 of 10
  Done: ptg-isl-g4l1  (Wed May 27 13:24:54 CST 2026)
ALL ISLAND ALGOS DONE.
