OOS eval: algo=position-tier-gate baseline=simple symbol=MESM6
Test dates (10): 20260326, 20260327, 20260329, 20260330, 20260331, 20260401, 20260402, 20260403, 20260405, 20260406
Output: /Users/jielin/Downloads/agentic-trading-system-binance-test/oos-results/position-tier-gate.json
NOTE: this does NOT modify any backtest-results.json.

>>> position-tier-gate @ 20260326 ...
    OK   trades=16834 pnl=614.75
>>> simple @ 20260326 ...
    OK   trades=25382 pnl=317.00
>>> position-tier-gate @ 20260327 ...
    OK   trades=15153 pnl=522.00
>>> simple @ 20260327 ...
    OK   trades=22901 pnl=187.25
>>> position-tier-gate @ 20260329 ...
    OK   trades=1542 pnl=59.50
>>> simple @ 20260329 ...
    OK   trades=2334 pnl=16.00
>>> position-tier-gate @ 20260330 ...
    OK   trades=16774 pnl=610.50
>>> simple @ 20260330 ...
    OK   trades=25387 pnl=146.50
>>> position-tier-gate @ 20260331 ...
    OK   trades=17129 pnl=985.50
>>> simple @ 20260331 ...
    OK   trades=25979 pnl=388.50
>>> position-tier-gate @ 20260401 ...
    OK   trades=15637 pnl=424.25
>>> simple @ 20260401 ...
    OK   trades=23644 pnl=39.50
>>> position-tier-gate @ 20260402 ...
    OK   trades=16193 pnl=710.75
>>> simple @ 20260402 ...
    OK   trades=24461 pnl=333.75
>>> position-tier-gate @ 20260403 ...
    OK   trades=4258 pnl=1.75
>>> simple @ 20260403 ...
    OK   trades=6360 pnl=-90.75
>>> position-tier-gate @ 20260405 ...
    OK   trades=1353 pnl=76.50
>>> simple @ 20260405 ...
    OK   trades=2042 pnl=69.00
>>> position-tier-gate @ 20260406 ...
    OK   trades=15170 pnl=426.00
>>> simple @ 20260406 ...
    OK   trades=22948 pnl=127.75

Wrote: /Users/jielin/Downloads/agentic-trading-system-binance-test/oos-results/position-tier-gate.json
  realized_pnl        : 4431.50
  sharpe_ratio        : 22.1657
  win_rate            : 0.3737
  trade_count         : 120043
  vs_baseline_pnl_pct : 188.79
  dates used          : 10 of 10
