OOS eval: algo=ptg-b-l7 baseline=simple symbol=MESM6
Test dates (10): 20260326, 20260327, 20260329, 20260330, 20260331, 20260401, 20260402, 20260403, 20260405, 20260406
Output: /Users/jielin/Downloads/agentic-trading-system-binance-test/oos-results/ptg-b-l7.json
NOTE: this does NOT modify any backtest-results.json.

>>> ptg-b-l7 @ 20260326 ...
    OK   trades=16842 pnl=613.00
>>> simple @ 20260326 ...
    OK   trades=25382 pnl=317.00
>>> ptg-b-l7 @ 20260327 ...
    OK   trades=15158 pnl=519.75
>>> simple @ 20260327 ...
    OK   trades=22901 pnl=187.25
>>> ptg-b-l7 @ 20260329 ...
    OK   trades=1544 pnl=59.00
>>> simple @ 20260329 ...
    OK   trades=2334 pnl=16.00
>>> ptg-b-l7 @ 20260330 ...
    OK   trades=16784 pnl=608.25
>>> simple @ 20260330 ...
    OK   trades=25387 pnl=146.50
>>> ptg-b-l7 @ 20260331 ...
    OK   trades=17141 pnl=978.75
>>> simple @ 20260331 ...
    OK   trades=25979 pnl=388.50
>>> ptg-b-l7 @ 20260401 ...
    OK   trades=15641 pnl=423.00
>>> simple @ 20260401 ...
    OK   trades=23644 pnl=39.50
>>> ptg-b-l7 @ 20260402 ...
    OK   trades=16205 pnl=703.50
>>> simple @ 20260402 ...
    OK   trades=24461 pnl=333.75
>>> ptg-b-l7 @ 20260403 ...
    OK   trades=4260 pnl=1.75
>>> simple @ 20260403 ...
    OK   trades=6360 pnl=-90.75
>>> ptg-b-l7 @ 20260405 ...
    OK   trades=1353 pnl=76.50
>>> simple @ 20260405 ...
    OK   trades=2042 pnl=69.00
>>> ptg-b-l7 @ 20260406 ...
    OK   trades=15173 pnl=425.00
>>> simple @ 20260406 ...
    OK   trades=22948 pnl=127.75

Wrote: /Users/jielin/Downloads/agentic-trading-system-binance-test/oos-results/ptg-b-l7.json
  realized_pnl        : 4408.50
  sharpe_ratio        : 22.2028
  win_rate            : 0.3735
  trade_count         : 120101
  vs_baseline_pnl_pct : 187.29
  dates used          : 10 of 10
