OOS eval: algo=ptg-isl-g4l1 baseline=simple symbol=MESM6
Test dates (10): 20260326, 20260327, 20260329, 20260330, 20260331, 20260401, 20260402, 20260403, 20260405, 20260406
Output: /Users/jielin/Downloads/agentic-trading-system-binance-test/oos-results/ptg-isl-g4l1.json
NOTE: this does NOT modify any backtest-results.json.

>>> ptg-isl-g4l1 @ 20260326 ...
    OK   trades=16120 pnl=738.00
>>> simple @ 20260326 ...
    OK   trades=25382 pnl=317.00
>>> ptg-isl-g4l1 @ 20260327 ...
    OK   trades=14436 pnl=669.75
>>> simple @ 20260327 ...
    OK   trades=22901 pnl=187.25
>>> ptg-isl-g4l1 @ 20260329 ...
    OK   trades=1435 pnl=65.00
>>> simple @ 20260329 ...
    OK   trades=2334 pnl=16.00
>>> ptg-isl-g4l1 @ 20260330 ...
    OK   trades=16018 pnl=774.25
>>> simple @ 20260330 ...
    OK   trades=25387 pnl=146.50
>>> ptg-isl-g4l1 @ 20260331 ...
    OK   trades=16134 pnl=1159.75
>>> simple @ 20260331 ...
    OK   trades=25979 pnl=388.50
>>> ptg-isl-g4l1 @ 20260401 ...
    OK   trades=14850 pnl=550.75
>>> simple @ 20260401 ...
    OK   trades=23644 pnl=39.50
>>> ptg-isl-g4l1 @ 20260402 ...
    OK   trades=15211 pnl=899.00
>>> simple @ 20260402 ...
    OK   trades=24461 pnl=333.75
>>> ptg-isl-g4l1 @ 20260403 ...
    OK   trades=3891 pnl=57.25
>>> simple @ 20260403 ...
    OK   trades=6360 pnl=-90.75
>>> ptg-isl-g4l1 @ 20260405 ...
    OK   trades=1233 pnl=75.50
>>> simple @ 20260405 ...
    OK   trades=2042 pnl=69.00
>>> ptg-isl-g4l1 @ 20260406 ...
    OK   trades=14468 pnl=527.50
>>> simple @ 20260406 ...
    OK   trades=22948 pnl=127.75

Wrote: /Users/jielin/Downloads/agentic-trading-system-binance-test/oos-results/ptg-isl-g4l1.json
  realized_pnl        : 5516.75
  sharpe_ratio        : 23.0673
  win_rate            : 0.3806
  trade_count         : 113796
  vs_baseline_pnl_pct : 259.51
  dates used          : 10 of 10
