OOS eval: algo=sip-vrs-l7 baseline=simple symbol=MESM6
Test dates (10): 20260326, 20260327, 20260329, 20260330, 20260331, 20260401, 20260402, 20260403, 20260405, 20260406
Output: /Users/jielin/Downloads/agentic-trading-system-binance-test/oos-results/sip-vrs-l7.json
NOTE: this does NOT modify any backtest-results.json.

>>> sip-vrs-l7 @ 20260326 ...
    OK   trades=22619 pnl=532.75
>>> simple @ 20260326 ...
    OK   trades=25382 pnl=317.00
>>> sip-vrs-l7 @ 20260327 ...
    OK   trades=20213 pnl=403.00
>>> simple @ 20260327 ...
    OK   trades=22901 pnl=187.25
>>> sip-vrs-l7 @ 20260329 ...
    OK   trades=1942 pnl=38.25
>>> simple @ 20260329 ...
    OK   trades=2334 pnl=16.00
>>> sip-vrs-l7 @ 20260330 ...
    OK   trades=22228 pnl=458.75
>>> simple @ 20260330 ...
    OK   trades=25387 pnl=146.50
>>> sip-vrs-l7 @ 20260331 ...
    OK   trades=22223 pnl=766.25
>>> simple @ 20260331 ...
    OK   trades=25979 pnl=388.50
>>> sip-vrs-l7 @ 20260401 ...
    OK   trades=20458 pnl=326.00
>>> simple @ 20260401 ...
    OK   trades=23644 pnl=39.50
>>> sip-vrs-l7 @ 20260402 ...
    OK   trades=20870 pnl=623.00
>>> simple @ 20260402 ...
    OK   trades=24461 pnl=333.75
>>> sip-vrs-l7 @ 20260403 ...
    OK   trades=5118 pnl=-30.25
>>> simple @ 20260403 ...
    OK   trades=6360 pnl=-90.75
>>> sip-vrs-l7 @ 20260405 ...
    OK   trades=1632 pnl=72.75
>>> simple @ 20260405 ...
    OK   trades=2042 pnl=69.00
>>> sip-vrs-l7 @ 20260406 ...
    OK   trades=20253 pnl=324.75
>>> simple @ 20260406 ...
    OK   trades=22948 pnl=127.75

Wrote: /Users/jielin/Downloads/agentic-trading-system-binance-test/oos-results/sip-vrs-l7.json
  realized_pnl        : 3515.25
  sharpe_ratio        : 21.3357
  win_rate            : 0.3642
  trade_count         : 157556
  vs_baseline_pnl_pct : 129.08
  dates used          : 10 of 10
