OOS eval: algo=sip-ptg-l8 baseline=simple symbol=MESM6
Test dates (10): 20260326, 20260327, 20260329, 20260330, 20260331, 20260401, 20260402, 20260403, 20260405, 20260406
Output: /Users/jielin/Downloads/agentic-trading-system-binance-test/oos-results/sip-ptg-l8.json
NOTE: this does NOT modify any backtest-results.json.

>>> sip-ptg-l8 @ 20260326 ...
    OK   trades=13517 pnl=578.00
>>> simple @ 20260326 ...
    OK   trades=25382 pnl=317.00
>>> sip-ptg-l8 @ 20260327 ...
    OK   trades=12193 pnl=447.50
>>> simple @ 20260327 ...
    OK   trades=22901 pnl=187.25
>>> sip-ptg-l8 @ 20260329 ...
    OK   trades=1272 pnl=54.25
>>> simple @ 20260329 ...
    OK   trades=2334 pnl=16.00
>>> sip-ptg-l8 @ 20260330 ...
    OK   trades=13612 pnl=538.50
>>> simple @ 20260330 ...
    OK   trades=25387 pnl=146.50
>>> sip-ptg-l8 @ 20260331 ...
    OK   trades=14450 pnl=970.50
>>> simple @ 20260331 ...
    OK   trades=25979 pnl=388.50
>>> sip-ptg-l8 @ 20260401 ...
    OK   trades=12631 pnl=456.50
>>> simple @ 20260401 ...
    OK   trades=23644 pnl=39.50
>>> sip-ptg-l8 @ 20260402 ...
    OK   trades=13243 pnl=743.75
>>> simple @ 20260402 ...
    OK   trades=24461 pnl=333.75
>>> sip-ptg-l8 @ 20260403 ...
    OK   trades=3245 pnl=-6.00
>>> simple @ 20260403 ...
    OK   trades=6360 pnl=-90.75
>>> sip-ptg-l8 @ 20260405 ...
    OK   trades=1066 pnl=57.50
>>> simple @ 20260405 ...
    OK   trades=2042 pnl=69.00
>>> sip-ptg-l8 @ 20260406 ...
    OK   trades=12068 pnl=413.00
>>> simple @ 20260406 ...
    OK   trades=22948 pnl=127.75

Wrote: /Users/jielin/Downloads/agentic-trading-system-binance-test/oos-results/sip-ptg-l8.json
  realized_pnl        : 4253.50
  sharpe_ratio        : 21.4075
  win_rate            : 0.3802
  trade_count         : 97297
  vs_baseline_pnl_pct : 177.19
  dates used          : 10 of 10
