OOS eval: algo=sip-afg-l5 baseline=simple symbol=MESM6
Test dates (10): 20260326, 20260327, 20260329, 20260330, 20260331, 20260401, 20260402, 20260403, 20260405, 20260406
Output: /Users/jielin/Downloads/agentic-trading-system-binance-test/oos-results/sip-afg-l5.json
NOTE: this does NOT modify any backtest-results.json.

>>> sip-afg-l5 @ 20260326 ...
    OK   trades=17205 pnl=344.25
>>> simple @ 20260326 ...
    OK   trades=25382 pnl=317.00
>>> sip-afg-l5 @ 20260327 ...
    OK   trades=15520 pnl=122.00
>>> simple @ 20260327 ...
    OK   trades=22901 pnl=187.25
>>> sip-afg-l5 @ 20260329 ...
    OK   trades=1558 pnl=40.50
>>> simple @ 20260329 ...
    OK   trades=2334 pnl=16.00
>>> sip-afg-l5 @ 20260330 ...
    OK   trades=17240 pnl=195.75
>>> simple @ 20260330 ...
    OK   trades=25387 pnl=146.50
>>> sip-afg-l5 @ 20260331 ...
    OK   trades=17614 pnl=493.00
>>> simple @ 20260331 ...
    OK   trades=25979 pnl=388.50
>>> sip-afg-l5 @ 20260401 ...
    OK   trades=16123 pnl=102.00
>>> simple @ 20260401 ...
    OK   trades=23644 pnl=39.50
>>> sip-afg-l5 @ 20260402 ...
    OK   trades=16612 pnl=321.75
>>> simple @ 20260402 ...
    OK   trades=24461 pnl=333.75
>>> sip-afg-l5 @ 20260403 ...
    OK   trades=4601 pnl=-96.00
>>> simple @ 20260403 ...
    OK   trades=6360 pnl=-90.75
>>> sip-afg-l5 @ 20260405 ...
    OK   trades=1411 pnl=33.75
>>> simple @ 20260405 ...
    OK   trades=2042 pnl=69.00
>>> sip-afg-l5 @ 20260406 ...
    OK   trades=15568 pnl=157.50
>>> simple @ 20260406 ...
    OK   trades=22948 pnl=127.75

Wrote: /Users/jielin/Downloads/agentic-trading-system-binance-test/oos-results/sip-afg-l5.json
  realized_pnl        : 1714.50
  sharpe_ratio        : 15.6691
  win_rate            : 0.3550
  trade_count         : 123452
  vs_baseline_pnl_pct : 11.73
  dates used          : 10 of 10
