OOS eval: algo=vol-regime-sizer baseline=simple symbol=MESM6
Test dates (10): 20260326, 20260327, 20260329, 20260330, 20260331, 20260401, 20260402, 20260403, 20260405, 20260406
Output: /Users/jielin/Downloads/agentic-trading-system-binance-test/oos-results/vol-regime-sizer.json
NOTE: this does NOT modify any backtest-results.json.

>>> vol-regime-sizer @ 20260326 ...
    OK   trades=23785 pnl=385.00
>>> simple @ 20260326 ...
    OK   trades=25382 pnl=317.00
>>> vol-regime-sizer @ 20260327 ...
    OK   trades=21415 pnl=258.50
>>> simple @ 20260327 ...
    OK   trades=22901 pnl=187.25
>>> vol-regime-sizer @ 20260329 ...
    OK   trades=2170 pnl=12.25
>>> simple @ 20260329 ...
    OK   trades=2334 pnl=16.00
>>> vol-regime-sizer @ 20260330 ...
    OK   trades=23645 pnl=240.25
>>> simple @ 20260330 ...
    OK   trades=25387 pnl=146.50
>>> vol-regime-sizer @ 20260331 ...
    OK   trades=24138 pnl=484.00
>>> simple @ 20260331 ...
    OK   trades=25979 pnl=388.50
>>> vol-regime-sizer @ 20260401 ...
    OK   trades=21875 pnl=113.50
>>> simple @ 20260401 ...
    OK   trades=23644 pnl=39.50
>>> vol-regime-sizer @ 20260402 ...
    OK   trades=22655 pnl=408.50
>>> simple @ 20260402 ...
    OK   trades=24461 pnl=333.75
>>> vol-regime-sizer @ 20260403 ...
    OK   trades=5772 pnl=-71.25
>>> simple @ 20260403 ...
    OK   trades=6360 pnl=-90.75
>>> vol-regime-sizer @ 20260405 ...
    OK   trades=1894 pnl=64.00
>>> simple @ 20260405 ...
    OK   trades=2042 pnl=69.00
>>> vol-regime-sizer @ 20260406 ...
    OK   trades=21372 pnl=157.75
>>> simple @ 20260406 ...
    OK   trades=22948 pnl=127.75

Wrote: /Users/jielin/Downloads/agentic-trading-system-binance-test/oos-results/vol-regime-sizer.json
  realized_pnl        : 2052.50
  sharpe_ratio        : 17.8548
  win_rate            : 0.3586
  trade_count         : 168721
  vs_baseline_pnl_pct : 33.76
  dates used          : 10 of 10
