OOS eval: algo=vrs-b-l8 baseline=simple symbol=MESM6
Test dates (10): 20260326, 20260327, 20260329, 20260330, 20260331, 20260401, 20260402, 20260403, 20260405, 20260406
Output: /Users/jielin/Downloads/agentic-trading-system-binance-test/oos-results/vrs-b-l8.json
NOTE: this does NOT modify any backtest-results.json.

>>> vrs-b-l8 @ 20260326 ...
    OK   trades=22580 pnl=446.00
>>> simple @ 20260326 ...
    OK   trades=25382 pnl=317.00
>>> vrs-b-l8 @ 20260327 ...
    OK   trades=20217 pnl=330.00
>>> simple @ 20260327 ...
    OK   trades=22901 pnl=187.25
>>> vrs-b-l8 @ 20260329 ...
    OK   trades=1960 pnl=47.75
>>> simple @ 20260329 ...
    OK   trades=2334 pnl=16.00
>>> vrs-b-l8 @ 20260330 ...
    OK   trades=22346 pnl=374.00
>>> simple @ 20260330 ...
    OK   trades=25387 pnl=146.50
>>> vrs-b-l8 @ 20260331 ...
    OK   trades=22286 pnl=606.25
>>> simple @ 20260331 ...
    OK   trades=25979 pnl=388.50
>>> vrs-b-l8 @ 20260401 ...
    OK   trades=20525 pnl=199.00
>>> simple @ 20260401 ...
    OK   trades=23644 pnl=39.50
>>> vrs-b-l8 @ 20260402 ...
    OK   trades=20998 pnl=491.75
>>> simple @ 20260402 ...
    OK   trades=24461 pnl=333.75
>>> vrs-b-l8 @ 20260403 ...
    OK   trades=5211 pnl=-28.25
>>> simple @ 20260403 ...
    OK   trades=6360 pnl=-90.75
>>> vrs-b-l8 @ 20260405 ...
    OK   trades=1688 pnl=75.75
>>> simple @ 20260405 ...
    OK   trades=2042 pnl=69.00
>>> vrs-b-l8 @ 20260406 ...
    OK   trades=20205 pnl=188.00
>>> simple @ 20260406 ...
    OK   trades=22948 pnl=127.75

Wrote: /Users/jielin/Downloads/agentic-trading-system-binance-test/oos-results/vrs-b-l8.json
  realized_pnl        : 2730.25
  sharpe_ratio        : 20.6783
  win_rate            : 0.3614
  trade_count         : 158016
  vs_baseline_pnl_pct : 77.92
  dates used          : 10 of 10
