OOS eval: algo=vrs-m-l5 baseline=simple symbol=MESM6
Test dates (10): 20260326, 20260327, 20260329, 20260330, 20260331, 20260401, 20260402, 20260403, 20260405, 20260406
Output: /Users/jielin/Downloads/agentic-trading-system-binance-test/oos-results/vrs-m-l5.json
NOTE: this does NOT modify any backtest-results.json.

>>> vrs-m-l5 @ 20260326 ...
    OK   trades=22824 pnl=433.25
>>> simple @ 20260326 ...
    OK   trades=25382 pnl=317.00
>>> vrs-m-l5 @ 20260327 ...
    OK   trades=20488 pnl=279.00
>>> simple @ 20260327 ...
    OK   trades=22901 pnl=187.25
>>> vrs-m-l5 @ 20260329 ...
    OK   trades=2010 pnl=38.50
>>> simple @ 20260329 ...
    OK   trades=2334 pnl=16.00
>>> vrs-m-l5 @ 20260330 ...
    OK   trades=22611 pnl=290.25
>>> simple @ 20260330 ...
    OK   trades=25387 pnl=146.50
>>> vrs-m-l5 @ 20260331 ...
    OK   trades=22869 pnl=551.75
>>> simple @ 20260331 ...
    OK   trades=25979 pnl=388.50
>>> vrs-m-l5 @ 20260401 ...
    OK   trades=20808 pnl=133.50
>>> simple @ 20260401 ...
    OK   trades=23644 pnl=39.50
>>> vrs-m-l5 @ 20260402 ...
    OK   trades=21481 pnl=430.50
>>> simple @ 20260402 ...
    OK   trades=24461 pnl=333.75
>>> vrs-m-l5 @ 20260403 ...
    OK   trades=5412 pnl=-47.75
>>> simple @ 20260403 ...
    OK   trades=6360 pnl=-90.75
>>> vrs-m-l5 @ 20260405 ...
    OK   trades=1785 pnl=56.25
>>> simple @ 20260405 ...
    OK   trades=2042 pnl=69.00
>>> vrs-m-l5 @ 20260406 ...
    OK   trades=20392 pnl=205.75
>>> simple @ 20260406 ...
    OK   trades=22948 pnl=127.75

Wrote: /Users/jielin/Downloads/agentic-trading-system-binance-test/oos-results/vrs-m-l5.json
  realized_pnl        : 2371.00
  sharpe_ratio        : 19.2388
  win_rate            : 0.3596
  trade_count         : 160680
  vs_baseline_pnl_pct : 54.51
  dates used          : 10 of 10
