OOS eval: algo=vrs-isl-g4l2 baseline=simple symbol=MESM6
Test dates (10): 20260326, 20260327, 20260329, 20260330, 20260331, 20260401, 20260402, 20260403, 20260405, 20260406
Output: /Users/jielin/Downloads/agentic-trading-system-binance-test/oos-results/vrs-isl-g4l2.json
NOTE: this does NOT modify any backtest-results.json.

>>> vrs-isl-g4l2 @ 20260326 ...
    OK   trades=14039 pnl=914.75
>>> simple @ 20260326 ...
    OK   trades=25382 pnl=317.00
>>> vrs-isl-g4l2 @ 20260327 ...
    OK   trades=12070 pnl=649.50
>>> simple @ 20260327 ...
    OK   trades=22901 pnl=187.25
>>> vrs-isl-g4l2 @ 20260329 ...
    OK   trades=1091 pnl=67.50
>>> simple @ 20260329 ...
    OK   trades=2334 pnl=16.00
>>> vrs-isl-g4l2 @ 20260330 ...
    OK   trades=13472 pnl=747.25
>>> simple @ 20260330 ...
    OK   trades=25387 pnl=146.50
>>> vrs-isl-g4l2 @ 20260331 ...
    OK   trades=12507 pnl=988.75
>>> simple @ 20260331 ...
    OK   trades=25979 pnl=388.50
>>> vrs-isl-g4l2 @ 20260401 ...
    OK   trades=11988 pnl=698.00
>>> simple @ 20260401 ...
    OK   trades=23644 pnl=39.50
>>> vrs-isl-g4l2 @ 20260402 ...
    OK   trades=11885 pnl=872.00
>>> simple @ 20260402 ...
    OK   trades=24461 pnl=333.75
>>> vrs-isl-g4l2 @ 20260403 ...
    OK   trades=2868 pnl=101.75
>>> simple @ 20260403 ...
    OK   trades=6360 pnl=-90.75
>>> vrs-isl-g4l2 @ 20260405 ...
    OK   trades=819 pnl=47.25
>>> simple @ 20260405 ...
    OK   trades=2042 pnl=69.00
>>> vrs-isl-g4l2 @ 20260406 ...
    OK   trades=12514 pnl=626.25
>>> simple @ 20260406 ...
    OK   trades=22948 pnl=127.75

Wrote: /Users/jielin/Downloads/agentic-trading-system-binance-test/oos-results/vrs-isl-g4l2.json
  realized_pnl        : 5713.00
  sharpe_ratio        : 24.9650
  win_rate            : 0.3954
  trade_count         : 93253
  vs_baseline_pnl_pct : 272.30
  dates used          : 10 of 10
